// Jest Snapshot v1, https://goo.gl/fbAQLP

exports[`should render the text-link component 1`] = `
<p
  className=""
>
  <img
    alt=""
    src=""
  />
  <a
    className=""
    href="/"
  >
    
  </a>
</p>
`;
